44
MarsUltrav8
PhilippI SergeyU SusanQ PhilippP SergeyT BenjaminT RuthX BakhodirG MatasW 
ExploreUltrav8
BakhodirD ClementM SundarL HiroshiF FionaJ SusanQ ClementE 
WearOSLitev5
NellyY BakhodirD TatiyanaC MatasC PhilippI 
DuoZv4
ThomasK SundarP BakhodirD ClementT PhilippK RuthX ThomasM 
BloggerNextv8
PhilippP ClementE MatasW SergeyV 
SmartSv2
FionaF BakhodirW PhilippK BenjaminT FionaN 
DreamSv2
SusanQ PhilippP SergeyN LarryO PhilippI MatasW 
GameLitev8
PhilippP PhilippK MatasW SergeyN 
StreamXv6
BenjaminO MatasC SergeyN ClementM FionaJ 
ResearchXv8
SundarP ClementM SundarH JenK ClementE 
StadiaZv1
TatiyanaC ClementM BenjaminT PhilippP 
GlassOSLitev9
FionaJ PetarF SundarA PhilippK PrabhakarR PhilippH 
DuoZv2
PhilippY SundarP FionaF 
AndroidAutoZv2
PhilippH JenK PhilippI BakhodirD SergeyU 
StreetViewXv1
TatiyanaC MatasC FionaF 
MapsProv8
HiroshiW SergeyT BakhodirD 
AssistantUltrav2
MatasC SergeyU SergeyT MichalP BakhodirW PhilippP 
ChromeNextv7
SergeyV BakhodirD PhilippY 
SlidesNextv2
JenZ PhilippH 
KeepXv5
PhilippP HiroshiF MichalP 
GameProv6
LarryO SusanQ StefanQ 
ChromeOSUltrav5
JenK PhilippH SergeyU HiroshiW PhilippK ClementL 
BuildMaxv1
MichalB RuthX NellyY BakhodirG SergeyV 
GlassOSSv3
MatasW JenZ 
SmartLitev9
JenZ ThomasK PhilippP 
AndroidTVMaxv5
PrabhakarR SundarP PhilippK 
MarsLitev5
BakhodirD TatiyanaC 
SitesSv1
SergeyU ClementL 
FeedBurnerMaxv3
TatiyanaC LarryO 
ChromeOSLitev3
PhilippP HiroshiW PhilippY 
DocsNextv2
SundarP JenK ClementL 
FuchsiaXv6
SergeyV SundarA 
FeedBurnerMaxv1
MichalB ThomasK ClementL HiroshiF 
ClassroomMaxv2
TatiyanaC SusanQ 
ReleaseUltrav1
FionaJ BakhodirD 
MarsXv1
PrabhakarR FionaJ MichalB MichalP 
ShoppingProv8
FionaN PhilippI 
ShortsNextv7
FionaF PhilippY HiroshiF 
WebserverProv6
PhilippP 
DaydreamLitev7
BakhodirW 
CastOSProv6
BakhodirD 
GameProv3
PhilippY 
StreamXv9
LarryO 
ConnectLitev9
SundarA 
