468
PhoneNextv6
MichalR ThomasL HiroshiD BenjaminB SusanR HiroshiR RuthJ TatiyanaJ 
ExploreXv6
MichalR BakhodirG BenjaminB MichalZ MatasF BenjaminN SergeyW MaxE 
DriveUltrav8
StepanN PrabhakarQ MichalZ LarryI SundarA PhilippI MaxA NellyD LarryZ ThomasU 
SheetsNextv8
HiroshiL FionaK BakhodirD LarryU SusanY BenjaminV MatasR MaxW LarryZ ClementJ 
PhoneMaxv3
PetarG PetarT TatiyanaX SusanO LarryS SergeyQ JenQ BenjaminV PetarW SundarA TatiyanaO ClementJ LarryR BenjaminL 
YouTubeProv4
FionaD StepanW SusanK StepanN NellyM JenQ PrzemekC StepanJ ThomasE RuthP MatasS NellyQ HiroshiT SundarM 
SkyProv5
JenL MatasY BakhodirO PhilippJ 
ReleaseXv9
MaxZ StepanW ThomasR SergeyG MatasO RuthX MaxB PhilippI StefanT RuthP ClementJ 
KeepXv7
StepanW HiroshiM StepanK 
CastOSXv6
StepanW TatiyanaX FionaK PhilippO PetarM BakhodirM LarryD BakhodirF PrzemekC HiroshiR StepanJ ThomasE FionaL MichalY 
ShortsZv6
MichalR StefanA SusanU RuthX LarryC MatasS HiroshiW 
ShortsXv4
LarryJ StepanZ TatiyanaA FionaK BenjaminD JenF LarryY PrzemekF HiroshiW 
AndroidNextv8
NellyV BenjaminD MaxS RuthO LarryC MichalY FionaA 
NewsUltrav9
SundarX PhilippO LarryS JenS BenjaminD RuthX BenjaminN StepanG TatiyanaI PrabhakarM 
MapsLitev8
FionaD PrzemekU ClementI JenQ NellyG BakhodirL LarryO LarryC PetarK StefanK 
SearchLitev9
SergeyK SusanT HiroshiD BakhodirB ClementQ NellyV SusanO StefanA PrabhakarL NellyC SundarH PrzemekC LarryI SergeyW StepanX HiroshiT HiroshiW LarryR 
ChartsMaxv7
FionaD JenL StepanN JenF ClementW PetarA ClementO 
StorageUltrav8
PhilippL StepanW TatiyanaB TatiyanaK LarryG JenH LarryU LarryS BenjaminD ThomasE RuthO RuthP PrabhakarB LarryR LarryN RuthM ThomasU 
SmartXv3
LarryJ StepanW SusanT PrabhakarL NellyM LarryI TatiyanaO ClementX NellyD LarryN 
MarsLitev2
BakhodirT StepanW StepanZ LarryG BakhodirF SusanH ThomasN StefanY ClementX StepanK 
StadiaNextv3
RuthT JenH BenjaminJ ClementW MaxA PetarJ PrabhakarB HiroshiW BakhodirQ ThomasU 
ExploreZv7
MichalR BakhodirP PetarT MichalZ HiroshiJ StefanK 
FinanceNextv3
MatasP HiroshiL 
DaydreamUltrav4
RuthQ StepanW HiroshiL StepanN HiroshiD MichalG BakhodirO RuthJ FionaT LarryW PetarK 
ExploreUltrav8
LarryJ StepanZ BakhodirF SusanH JenQ HiroshiQ SundarD RuthO TatiyanaI HiroshiT 
SitesUltrav1
LarryG LarryS JenQ MatasR StepanG PhilippJ ClementX PetarV SundarM 
TranslateNextv7
TatiyanaK StepanN PhilippO MatasR ThomasE StefanP 
AlertsLitev1
MatasP MaxH LarryU NellyG PrzemekC HiroshiR MatasK PetarH RuthO StefanQ FionaQ SusanP ClementA 
ChartsUltrav5
TatiyanaB StepanZ JenR StefanA SergeyW MatasS ClementJ PetarA 
ChromeOSXv4
ThomasT PhilippO SergeyQ JenQ HiroshiI BakhodirO HiroshiR NellyD BenjaminL PetarN 
StadiaUltrav1
FionaD PetarF BakhodirM SusanD RuthJ StepanR MatasS HiroshiW 
StreetViewMaxv7
JenL MaxO StepanN PrabhakarL JenS ThomasK NellyU RuthP ClementO 
PhotoNextv3
MaxF PrzemekM PrzemekW JenS ThomasO MatasR RuthP StepanU ThomasZ 
FlightsMaxv7
MatasP FionaK PhilippO BakhodirG MichalV LarryS MaxK SusanY SusanR JenQ ThomasN PrzemekR RuthO HiroshiJ 
VoiceNextv8
RuthQ PrabhakarA BakhodirB FionaT ThomasM 
StreamNextv3
FionaD JenS BenjaminV MatasR StepanR LarryN 
ChromeOSProv4
JenE TatiyanaP HiroshiL BenjaminP FionaZ BenjaminF StefanA LarryS JenS SundarM 
SheetsProv7
TatiyanaK SusanK PetarT ClementI LarryU LarryO BenjaminN StepanO FionaV MichalY TatiyanaI StepanK 
ResearchNextv9
JenE ThomasI SundarA FionaT PhilippJ RuthO SergeyL 
CollectionsNextv8
RuthQ BakhodirP PrzemekN ClementI BenjaminB NellyV BakhodirF MichalZ MatasK StepanO TatiyanaJ TatiyanaI 
StreetViewSv9
PetarG LarryG SundarJ PrabhakarL 
SheetsLitev5
StefanG TatiyanaP MichalV PrzemekM BakhodirD BakhodirF SusanY JenQ TatiyanaG MatasM BakhodirL TatiyanaJ JenF MaxW RuthO PhilippK 
FinanceXv8
PetarQ BenjaminB BenjaminJ ThomasK ThomasN MaxB LarryO JenF PrzemekF BakhodirQ 
LearnSv3
BakhodirT HiroshiL MichalJ JenY RuthX SergeyL ClementX 
AndroidProv7
StepanW StepanZ JenR BakhodirG LarryD LarryC NellyD 
PixelMaxv1
JenE FionaD TatiyanaK JenH LarryS SusanH NellyW StefanK NellyD FionaI 
ArtsProv8
StepanM SergeyY LarryD BakhodirD SusanU BenjaminV BakhodirL PhilippE PetarW RuthJ SundarA ClementW HiroshiG MaxA MatasS NellyY 
PhoneSv4
PrzemekU LarryG MaxO PetarI SusanO LarryU JenS JenQ SusanD StefanP HiroshiT BenjaminL SusanC 
OsProv9
StepanZ FionaK MaxR BenjaminB NellyV PrabhakarL SundarB MatasF SundarA LarryZ 
SearchNextv2
MatasP BakhodirP TatiyanaX PrabhakarL NellyI PrzemekC HiroshiI BakhodirO LarryC StepanD PetarK 
DatabaseXv8
LarryJ BenjaminF JenS BakhodirO MaxB BenjaminR SundarS JenF FionaA 
ConnectMaxv3
FionaD TatiyanaK StefanG SergeyK TatiyanaA PrabhakarL PrzemekC MatasM SundarD TatiyanaC TatiyanaO PhilippI PetarH HiroshiJ MichalQ FionaV MaxE FionaL MatasS ClementO PetarN 
AssistantNextv5
LarryJ StepanW SergeyH FionaK PrabhakarE MatasO PrzemekC MaxB BakhodirL FionaT HiroshiB MaxW MichalQ FionaA BenjaminY PetarA SundarM PetarN 
AndroidTVUltrav1
MatasP TatiyanaK StepanM SergeyG LarryT BakhodirG StefanA BakhodirL RuthJ TatiyanaO FionaT PetarH StefanQ FionaQ MichalY PetarA 
AndroidTVXv7
LarryJ PrabhakarA BenjaminD ThomasD TatiyanaG NellyU BenjaminN StefanT MaxA FionaI 
AndroidAutoProv8
TatiyanaK SusanU MichalG ThomasN PrzemekC BakhodirA BenjaminR MatasR StefanY FionaQ StefanK ThomasM BenjaminL RuthM 
CurrentsUltrav8
BakhodirT MatasY JenS RuthJ JenI FionaL 
YouTubeLitev2
MatasP MichalZ RuthO HiroshiJ SergeyL MichalY 
ImagesProv7
LarryJ PrzemekC TatiyanaC TatiyanaI NellyY 
CastOSUltrav4
JenE RuthT BenjaminB NellyV StefanU ClementV PetarO 
CastOSMaxv7
TatiyanaT PrzemekU JenL LarryG PrabhakarA SusanO MaxK PhilippT NellyU BenjaminV StepanJ LarryO NellyD PrabhakarC LarryN ClementO 
FinanceNextv6
BakhodirT MatasY SundarB StefanV ClementX MichalY FionaA SusanC 
ChartsSv3
TatiyanaK ThomasL TatiyanaA PetarI BakhodirG SundarH ThomasN FionaT PetarH StefanT JenI NellyD 
WebserverLitev5
BakhodirT StepanN PetarQ NellyV BakhodirF PrzemekW MatasO NellyI SusanD MatasR PhilippJ HiroshiG MichalQ LarryW BenjaminG 
SnapshotZv6
RuthF PhilippO PrzemekM SusanU NellyC SergeyQ PhilippV FionaL 
FeedBurnerSv3
LarryJ PrabhakarA SergeyG LarryT PhilippO PhilippY HiroshiQ PrzemekC RuthX BakhodirA BenjaminG HiroshiM 
SitesLitev7
JenL StepanN BakhodirG BakhodirD SundarH MichalZ StefanY LarryY PetarJ SusanC 
ReleaseProv3
LarryJ HiroshiL SusanT HiroshiD LarryU PhilippY SusanH SergeyQ BenjaminD LarryI JenF LarryC ThomasM MichalY 
ScholarNextv3
SundarX SusanT PhilippO MaxH BenjaminB PhilippY JenF LarryZ BenjaminG 
ExploreNextv9
TatiyanaB StepanZ FionaW HiroshiU NellyI PhilippT BakhodirA BenjaminR JenF BenjaminY HiroshiW RuthM 
MarsSv4
FionaD FionaZ BenjaminJ PrzemekH JenQ RuthX HiroshiI MatasK FionaL LarryK NellyY 
ChartsMaxv4
TatiyanaK NellyC PhilippY HiroshiT MichalP 
StorageSv6
JenE RuthQ TatiyanaT SergeyK FionaK PetarI StefanA PrabhakarL FionaH MaxK BakhodirO MichalW FionaT StefanM StefanY LarryW JenI TatiyanaI HiroshiW SundarM 
ArtsXv5
HiroshiL ThomasQ LarryI StepanS StepanG MichalY MatasS StepanC SusanA 
AlertsLitev9
LarryJ StepanW TatiyanaB StepanN SusanT SusanO NellyU BakhodirL TatiyanaC PhilippC StefanK TatiyanaI PetarA ClementO SusanC 
FuchsiaZv3
TatiyanaK SusanT JenC StefanZ ThomasE PhilippC MaxE StepanU StefanX SusanC 
WebserverMaxv5
TatiyanaT MichalJ ThomasD FionaL 
OsNextv6
MatasP PrzemekN FionaK LarryD SusanR TatiyanaC SusanD ThomasM RuthM 
SantaTrackerXv4
MaxF PetarI PrabhakarN LarryN 
ShortsNextv3
BakhodirT StepanW TatiyanaB StepanM SusanY RuthX HiroshiT BenjaminG PetarA ClementO 
ScholarLitev9
StepanW FionaK MatasY MichalW StefanQ 
StreamLitev5
MatasP MaxR PrzemekH BakhodirA ThomasC StepanJ MatasK BenjaminN PetarV StepanU PetarA SundarM 
ScholarZv8
PetarG SundarX StepanW JenL JenR LarryT PrzemekC StepanG MatasS StepanC PrzemekY 
KeepNextv7
TatiyanaK PetarF LarryD JenQ NellyG PetarW PetarH 
ChatLitev6
StefanH ClementI NellyV SusanY ThomasO ThomasE LarryC NellyD PetarJ PrabhakarB MaxM StepanK 
SheetsLitev7
MaxO SusanT NellyW ClementN StepanG HiroshiJ 
ClassroomMaxv9
RuthQ TatiyanaT StepanZ LarryT SusanT MatasO NellyI LarryW StepanD ThomasM FionaA PetarA ThomasU 
AndroidAutoProv3
PrzemekN SusanT MichalJ PrabhakarL JenU ClementX StefanK PrzemekY BakhodirQ HiroshiM 
ChromeMaxv2
MichalR PrabhakarA PhilippO ClementI PrabhakarL JenF PhilippI RuthM 
TravelZv7
StepanW SergeyG StefanA FionaA LarryK 
GameNextv2
TatiyanaU PrzemekM LarryS JenQ BakhodirO PhilippK JenI StepanK 
ClassroomZv6
TatiyanaB StepanZ HiroshiQ 
StadiaXv3
StepanW SergeyK PetarI MatasY SundarB MichalZ JenQ PrzemekC JenF SusanC 
DataNextv9
JenE SergeyK SergeyA TatiyanaX ThomasI HiroshiD FionaZ PrzemekM LarryD PrzemekW PrzemekH JenS SergeyQ HiroshiI NellyU SergeyR BenjaminR PhilippC PetarV TatiyanaI LarryZ BenjaminY ClementO StepanK 
CultureXv6
BakhodirT PrabhakarA FionaK BenjaminD TatiyanaC JenF RuthO TatiyanaI BakhodirQ HiroshiM 
ConnectZv6
MatasP SusanT PhilippO SergeyW ClementX StepanU BenjaminL RuthM 
ResearchSv4
RuthQ BenjaminF SergeyJ BenjaminD LarryR RuthM 
NewsMaxv7
MichalR StepanW LarryD RuthX LarryO StefanT HiroshiJ SergeyL ThomasM LarryZ BenjaminG StepanK 
SheetsZv3
TatiyanaK SusanK MaxO PetarM SundarA StefanP LarryN 
DaydreamUltrav2
PetarT TatiyanaX SergeyH StepanP SusanT StefanZ NellyC MatasO ThomasD SundarS BenjaminN HiroshiJ MichalQ MatasS RuthM 
GameXv6
MaxZ PrabhakarA JenH MaxK SusanR BakhodirA RuthO StefanQ StepanD StepanC BenjaminG LarryN PetarA ClementO 
NewsNextv1
RuthQ MatasP TatiyanaB JenL PetarF SergeyY ClementI MaxH BenjaminF ThomasQ StefanZ MaxB MatasK PhilippV SergeyW MaxS StefanQ FionaL StefanK BenjaminY StepanC PrzemekP BenjaminG 
ChromeXv1
MatasP SundarX HiroshiL PhilippE StefanT SergeyL 
WearOSProv6
FionaD SusanK MaxF ThomasI RuthT ThomasQ RuthP PetarN 
FinanceNextv9
LarryG ThomasL ClementI PhilippY StefanT BenjaminG BakhodirQ PetarN NellyY 
CalendarXv2
StepanW MatasY NellyU ThomasO MatasT StefanK MichalY BenjaminY HiroshiW 
SantaTrackerNextv1
RuthQ MaxZ FionaK PhilippO RuthP MatasS ClementJ PrabhakarB PetarN 
ClassroomProv5
SundarX TatiyanaB SergeyG FionaK RuthT ThomasQ MichalZ TatiyanaO RuthO StefanQ RuthP ThomasM StepanK 
CalendarZv8
ThomasL PhilippO StefanZ SundarH SergeyJ FionaT ClementW LarryC PrabhakarB 
CalendarNextv7
PetarG PetarI PrzemekM StefanZ PrabhakarE PhilippY JenQ TatiyanaG ThomasC MaxB PhilippE RuthJ TatiyanaJ PhilippJ FionaQ RuthP NellyD LarryN 
GmailMaxv9
LarryJ LarryG FionaH ThomasN RuthX ThomasO BenjaminN PrabhakarB SusanC 
ShortsNextv2
TatiyanaT BenjaminB LarryD LarryU SergeyJ JenS HiroshiI PetarW PhilippJ TatiyanaI MatasS HiroshiT BenjaminY ClementA 
MarsUltrav4
TatiyanaT LarryG SergeyA BakhodirB ClementV PhilippY TatiyanaC MichalF PhilippE MichalQ RuthP ClementX StepanU BenjaminY PetarA SusanC 
MoonSv2
JenE SergeyK StepanP LarryD JenS RuthP 
LoggingProv1
TatiyanaK PhilippE SundarA PetarO StefanV RuthP StefanX 
TranslateProv4
PrzemekU MaxO SusanO BakhodirF SergeyJ RuthX HiroshiI MaxB TatiyanaO PrzemekF BakhodirQ 
SantaTrackerSv3
ClementI SusanU SusanH RuthX HiroshiI ThomasE MatasT PrabhakarB ClementO PrabhakarM 
TranslateUltrav5
SusanK MichalV BakhodirF ClementN NellyU LarryO FionaQ StepanU 
ScholarXv6
LarryJ TatiyanaP JenL RuthF JenR BakhodirG RuthB SundarD MatasK SundarA StefanK PrabhakarC 
SnapshotXv7
MaxZ LarryJ TatiyanaX TatiyanaA SusanT SusanU BakhodirF SergeyQ NellyI TatiyanaG PetarW LarryO MichalQ PrzemekF PetarA 
DataNextv6
MichalR PrzemekU TatiyanaK BakhodirB SundarD ThomasO StepanG StefanT FionaL SusanA 
ArtsNextv5
TatiyanaB TatiyanaG TatiyanaC PetarO RuthO StepanD FionaA ClementJ 
ReleaseSv1
StefanG SusanO LarryD StefanZ HiroshiQ ThomasN MaxB RuthJ TatiyanaO StefanV StepanC PrzemekF LarryN 
DuoMaxv4
ThomasT BakhodirP PhilippO FionaZ MichalZ SergeyQ MatasF HiroshiQ RuthJ StefanV HiroshiT StepanK 
MarsLitev9
MichalR FionaD PetarQ SusanR NellyM RuthX StefanP StepanD MatasS HiroshiW 
OsUltrav1
RuthQ StepanN JenH JenC PetarM BenjaminJ SusanY JenQ NellyG NellyU PrzemekR TatiyanaO FionaL HiroshiT SundarV 
SitesLitev9
JenL RuthF BenjaminF FionaU HiroshiJ SundarM 
SlidesLitev5
JenL BenjaminB FionaH LarryI NellyU PetarH HiroshiJ BenjaminG 
TravelUltrav9
PhilippL TatiyanaB HiroshiL MichalY PrzemekF 
WearOSUltrav1
JenE StefanH PetarF SusanR MatasK SundarA StefanT StepanK 
ReleaseMaxv2
TatiyanaT SergeyY RuthT PrabhakarL SundarD FionaT NellyD HiroshiT 
DocsProv3
MatasP RuthT RuthP HiroshiT PrabhakarB 
SearchSv1
SundarX PrzemekN MaxK BenjaminD HiroshiQ NellyD MichalY FionaA BenjaminL 
DatabaseXv5
TatiyanaK StefanA SundarD MaxW RuthO ClementX 
PixelLitev7
TatiyanaT JenR FionaK JenQ HiroshiQ TatiyanaG SundarA PetarV FionaA StepanK 
DrawingsSv2
FionaD PrabhakarA FionaV SundarI 
FeedBurnerUltrav3
SundarX LarryG BenjaminJ PrzemekR TatiyanaO StefanT 
MarsUltrav9
StepanW StepanM PhilippO FionaZ PetarM MatasO ThomasO TatiyanaO StefanT SundarM 
SitesZv1
LarryT PhilippO MichalV PrabhakarE BakhodirO BenjaminV MaxB MatasK ClementW MichalQ FionaV ClementO NellyY 
DatabaseLitev8
FionaD ClementV RuthX BakhodirA SundarS SundarA FionaQ 
LearnSv2
StepanN StefanZ NellyM JenQ SundarD SergeyL StepanD TatiyanaI 
CalendarXv3
SusanT PetarI FionaZ PetarM NellyW TatiyanaG MaxB HiroshiN MichalW PetarO TatiyanaJ PetarK HiroshiW BenjaminG 
SecureUltrav1
PhilippL StepanN PetarI FionaW SusanO SergeyQ MatasF JenQ StepanG PetarH PhilippK ClementO StepanK 
GameNextv9
MichalR PhilippL HiroshiD JenY SundarH JenQ ThomasN PrzemekC ThomasO StefanT HiroshiJ TatiyanaI LarryN 
SmartNextv7
BakhodirT StepanZ MaxK HiroshiQ BenjaminN JenI 
ChromecastSv9
SundarX JenL ThomasL ThomasI BakhodirB HiroshiQ SundarA ThomasM SusanP 
FormsMaxv9
TatiyanaK ThomasQ LarryS SusanH SergeyQ StepanD PetarA 
SnapshotSv9
StefanG MichalV NellyU ClementX StepanK 
MapsUltrav4
MatasP LarryJ TatiyanaK PhilippO MichalV FionaZ ThomasQ NellyC BenjaminD StepanG FionaQ MichalQ StefanK HiroshiT PrabhakarB 
FinanceSv1
RuthQ SergeyK MichalV HiroshiR TatiyanaM MaxS ClementW RuthM 
VideoUltrav8
SundarH HiroshiI LarryC 
PhotoNextv6
MichalR SundarX PrzemekU BakhodirG MaxH JenY SundarS MaxS MaxA MichalQ PetarA 
AndroidAutoZv3
StepanW SergeyA SergeyY SergeyJ SusanR BenjaminR SusanD PhilippE MaxA TatiyanaI 
SearchMaxv5
LarryJ StefanH PrzemekM SusanO MatasO ClementV SergeyQ NellyI PrabhakarN HiroshiR MaxW ClementX MichalY 
GroupsLitev1
TatiyanaC 
CastOSZv5
LarryJ PetarI PrzemekH PetarH RuthO StefanY PrzemekP BakhodirQ LarryK 
CultureZv2
PrzemekU FionaZ HiroshiG ThomasM 
AndroidUltrav5
MatasP ThomasL SusanO MatasO JenS 
MeetLitev8
SusanK BakhodirP PetarT BenjaminV LarryO SundarI ClementJ 
BuildLitev6
TatiyanaB ThomasL BakhodirP PrzemekN TatiyanaZ PetarM BenjaminF StefanA MaxK PrzemekH BakhodirA PhilippE StefanK ClementJ HiroshiT BenjaminL SundarL 
FinanceXv9
TatiyanaK StepanZ HiroshiL BakhodirP FionaK PetarQ BenjaminF BakhodirD PrzemekH HiroshiR MaxB SundarD MatasR RuthO 
GlassOSZv4
PrabhakarA TatiyanaA RuthT PetarQ NellyV PrzemekC HiroshiI BenjaminR ThomasO TatiyanaJ StefanT StefanP ClementX MichalY TatiyanaI BenjaminL 
FlightsLitev8
HiroshiL PrabhakarQ LarryU BakhodirF StefanQ ThomasM HiroshiT PrzemekF HiroshiW PetarN SundarL 
StorageNextv9
StepanW ThomasI MaxR NellyV BenjaminD BenjaminV MaxE PetarV StepanK 
MeetXv8
StepanN SusanT NellyV HiroshiR RuthJ FionaT NellyQ 
PhotoNextv8
PrzemekU StepanN BakhodirG NellyM RuthA ThomasO SundarA PhilippV 
FormsXv8
JenL PetarQ JenH SusanU LarryY MatasS 
SkyXv3
FionaW PrzemekW HiroshiQ SergeyL MichalQ ThomasM NellyD LarryN 
SecureNextv8
SusanH SundarA ThomasE 
GameUltrav5
MatasP FionaD TatiyanaB StefanH MichalV PrzemekW PhilippY PhilippT HiroshiR TatiyanaC StefanT FionaQ LarryW PetarV 
ChartsLitev2
MatasP TatiyanaT ThomasI ClementI 
WearOSZv9
JenE MichalR PrabhakarA HiroshiL BakhodirG BenjaminB BakhodirD ThomasN LarryI NellyU 
TravelSv2
JenL PrabhakarA SergeyA PhilippO NellyC MichalZ JenS ThomasN PrzemekC StepanG MaxA StefanP PetarK MichalY ClementJ HiroshiT SundarV 
CultureNextv4
TatiyanaK FionaK MatasO NellyM MaxB TatiyanaC RuthJ HiroshiN MaxA NellyQ PrzemekF 
DatasetSearchMaxv2
RuthQ PhilippL JenL BakhodirP LarryT SusanT LarryI BenjaminR PetarW RuthO MaxE 
SitesSv3
PrzemekN LarryT MichalV SusanY MatasO SergeyJ ThomasD StepanJ TatiyanaC PetarH MichalQ MaxE StefanK HiroshiT BenjaminL RuthM 
WearOSProv3
LarryJ SergeyG FionaZ StefanA NellyG BakhodirL MatasK LarryC MatasS SusanP 
AlertsUltrav5
TatiyanaK PhilippO MichalJ PrzemekM BakhodirD SergeyQ RuthO ThomasM HiroshiT BenjaminG 
CurrentsSv7
TatiyanaK JenL BakhodirG BenjaminJ SundarH HiroshiQ MatasR FionaT StefanK TatiyanaI 
AndroidTVMaxv3
MatasY MaxK BakhodirO RuthJ ThomasO MichalW StefanV StefanP HiroshiJ FionaV ThomasM FionaA SundarI HiroshiT HiroshiM 
ResearchUltrav6
MichalR ThomasL SergeyK ThomasI SusanT RuthT BakhodirB StefanZ BakhodirD LarryS PhilippY HiroshiQ ThomasN MatasK SundarA FionaT MaxA StefanP BenjaminY ClementO 
FormsNextv7
JenE PetarQ PhilippY LarryI FionaV SusanG 
SkyMaxv8
NellyV SundarS PetarV BakhodirQ 
YouTubeProv8
MichalV MatasO ThomasC TatiyanaM RuthP JenI MaxE NellyD PrzemekP SundarV ClementO StepanK 
DrawingsSv6
PrzemekU HiroshiL StepanP ClementQ MatasT LarryR 
ChatSv6
MaxO SundarB StepanD 
MoonZv1
BakhodirT LarryT BenjaminD NellyD MatasS ClementJ PrzemekF BenjaminG 
CultureSv7
BakhodirT TatiyanaT SusanT PetarM BakhodirM StefanZ SergeyJ SusanR ThomasN BakhodirO TatiyanaO MatasR ThomasE ClementW LarryC TatiyanaI PrzemekF SundarL 
LoggingMaxv9
ThomasT MaxO JenH BakhodirD MatasS 
GroupsLitev4
MichalR 
BloggerProv3
PrzemekN ThomasN NellyU MatasK TatiyanaJ FionaQ 
StorageZv4
StepanW BakhodirO StefanP PhilippK MatasS StepanK 
ArtsNextv2
TatiyanaT SusanK LarryS PrzemekR 
AndroidTVMaxv1
JenE PhilippT SusanD RuthJ PhilippV SergeyW ThomasE MaxA LarryC PhilippK FionaL MaxM BenjaminG NellyY 
LearnUltrav4
PhilippL SergeyG BenjaminF PhilippY ThomasN HiroshiI FionaT MaxS JenF PetarK 
PatentsXv2
MaxZ JenL MichalM LarryZ PrzemekF ThomasU 
FormsProv9
RuthQ ThomasD HiroshiR 
VideoLitev2
MatasP ThomasL SergeyG FionaK MaxH BenjaminJ SundarH BakhodirL TatiyanaC MatasR StepanG FionaQ LarryZ ClementO StefanX PetarN 
ShortsUltrav5
MichalR TatiyanaB SergeyH TatiyanaA SusanT FionaZ NellyC LarryO 
BloggerProv1
ThomasT JenS TatiyanaC ClementJ 
PhotoZv5
PetarF LarryU JenQ NellyI NellyU BakhodirA HiroshiR 
AndroidAutoProv4
TatiyanaK MaxR RuthB PetarM PhilippY NellyQ 
AndroidTVZv9
SundarJ BakhodirB JenQ NellyU TatiyanaO JenI FionaL PrzemekP StefanX 
ChartsLitev8
MatasP StefanG FionaZ LarryU LarryS SundarB SergeyR 
PatentsXv7
FionaD JenQ SundarS StefanY MaxE SusanA 
DuoMaxv6
LarryJ PrabhakarE ThomasN 
DataMaxv1
ClementQ PrzemekC StepanJ StefanP FionaQ 
BloggerMaxv2
StepanW ThomasL FionaK SusanO MichalM ThomasN SundarA JenF BenjaminY LarryN RuthM 
CultureSv1
MaxH JenC PhilippY MaxW HiroshiW 
SearchZv3
ThomasI FionaH BakhodirO NellyU SusanD RuthP MichalY SusanA 
DuoZv1
RuthQ TatiyanaB TatiyanaX PrzemekM BakhodirA BenjaminN ThomasE LarryN 
MeetXv5
PrzemekU FionaH StefanT PetarK StefanK NellyD RuthM 
SkyMaxv9
JenE MaxZ ThomasI SusanO LarryS FionaH SusanR HiroshiJ RuthP LarryZ PetarJ 
StadiaLitev7
LarryG SergeyG HiroshiD JenQ BakhodirL ThomasO MatasR NellyD 
DataMaxv3
PrzemekH ClementV JenU RuthP FionaA ClementJ FionaI 
SitesSv9
StefanG RuthF LarryD PetarR StefanT LarryC BenjaminY SundarV 
SlidesUltrav5
PrabhakarA PetarT LarryT SusanO BakhodirF ThomasZ 
ClassroomXv1
SundarX SusanY FionaL 
OsXv3
LarryG SergeyJ ThomasN ThomasC NellyD 
LoggingProv6
LarryJ MichalV ThomasQ PrzemekH ThomasD PetarW PrzemekR SundarA 
WearOSNextv1
MichalR JenR LarryT NellyW PrzemekC PrzemekR ClementJ BenjaminG BenjaminL 
CollectionsNextv5
RuthQ JenH StefanZ PrzemekC TatiyanaG PrzemekR PrzemekF 
MeetXv6
BakhodirP LarryT BenjaminF MaxB StepanJ SergeyL NellyD NellyQ HiroshiW ThomasU 
StorageProv3
MaxZ PhilippO NellyC PrzemekW BakhodirA SundarA FionaL 
AssistantLitev4
SusanT MichalV MichalQ LarryY LarryZ ThomasZ 
LoggingMaxv3
BakhodirP StepanN JenS SusanH MatasF SundarA MaxS RuthO RuthP StefanK 
GroupsSv3
PrzemekW ThomasE HiroshiT BenjaminG SusanC 
FlightsProv7
RuthQ SergeyH StefanZ PhilippY StefanK MichalY FionaA 
DatabaseLitev2
FionaD HiroshiL 
ConnectZv4
TatiyanaB PrzemekN SergeyG JenH ThomasQ SundarB TatiyanaC ThomasO FionaT StepanG FionaQ FionaL HiroshiT HiroshiW 
CodeXv9
StepanW HiroshiM StepanK 
CodeZv6
RuthF TatiyanaZ HiroshiD MichalV JenH LarryS BakhodirO MichalF MatasK JenF PhilippJ SundarV 
StreamNextv7
StepanN FionaH SundarH MatasO SergeyQ MatasF JenQ PetarW LarryO HiroshiB BenjaminL 
AndroidTVMaxv7
SundarX ThomasL StepanJ PetarV 
SecureLitev1
RuthQ TatiyanaK SusanU RuthX PrzemekR MichalY ThomasU 
KeepLitev7
BakhodirT PrabhakarA BakhodirP PrzemekM PhilippC StefanY ClementX NellyD SusanC 
NewsMaxv9
LarryJ PhilippO PrabhakarE MichalZ BenjaminD SergeyR 
ChromecastNextv8
MaxZ JenS PetarK PrabhakarB 
FormsUltrav1
ThomasT TatiyanaK BakhodirP MaxF PhilippY HiroshiI SundarA HiroshiJ FionaA LarryZ 
NewsXv4
StefanG BakhodirG ClementN RuthJ ThomasZ 
ShoppingZv7
PrabhakarA JenR MatasO StepanO ClementJ BenjaminL ThomasU 
ChromecastMaxv5
SundarX JenQ BakhodirO 
FuchsiaNextv7
NellyV RuthB RuthJ HiroshiW 
ScholarSv9
PrzemekU SusanK FionaZ BakhodirM StefanU SergeyJ ThomasD ThomasN MaxB ClementX 
WearOSXv1
PhilippO SusanY ThomasK PetarH RuthO StefanY MaxE BenjaminL 
FormsUltrav3
ThomasL TatiyanaA MatasF HiroshiI NellyU StepanO StepanG PetarN 
FlightsProv8
LarryJ StefanH LarryG MichalV SusanO JenS JenQ ThomasO MichalW PrzemekF ClementO BenjaminL 
StorageNextv1
ThomasT SusanT LarryU LarryS BakhodirL PhilippE StefanP PetarK 
SantaTrackerXv8
RuthQ PetarT JenQ BakhodirA MichalY 
WearOSZv1
MichalR TatiyanaT NellyG SundarS PetarW TatiyanaO 
ChromecastLitev2
MichalR PrzemekV MaxF FionaK SusanY StepanS 
VideoMaxv2
StepanW TatiyanaG BenjaminN LarryC NellyD MichalY 
AssistantSv9
JenE JenR SergeyJ BenjaminG 
ClassroomUltrav8
TatiyanaK ThomasL StepanN BenjaminG 
SlidesXv7
MichalR StefanG StefanH PrabhakarA ThomasL SergeyJ HiroshiR BenjaminR TatiyanaC TatiyanaM PrzemekR ThomasE PetarH SundarW LarryC 
NewsXv6
PetarT JenR MichalW PhilippI 
StorageSv4
JenR JenQ LarryI NellyU JenF BenjaminY 
ExploreZv8
PrzemekV LarryG StepanN BakhodirF JenS BenjaminR PrzemekR TatiyanaO ThomasE MaxA RuthP MaxE ClementJ ClementA 
FinanceProv3
FionaK 
ChromeMaxv9
StepanN BenjaminN StefanP HiroshiJ LarryW 
SitesUltrav2
LarryJ PhilippI 
SnapshotProv7
JenE SergeyY BenjaminB JenC StepanS SundarA FionaQ SergeyL HiroshiW 
ClassroomProv7
JenL TatiyanaU PrabhakarE BakhodirF MichalZ PhilippT RuthA SundarA FionaA 
LoggingMaxv6
FionaD TatiyanaB StepanM HiroshiL ThomasL RuthF JenR ThomasI LarryD SundarH HiroshiR TatiyanaC HiroshiT 
DataLitev6
RuthF MichalZ HiroshiR HiroshiN PetarO MaxS PhilippK PrabhakarB 
PixelMaxv7
MichalR MatasP RuthP ThomasZ 
ShortsSv8
RuthF ThomasD NellyI BenjaminV ThomasE PhilippC PrabhakarB SusanC 
DaydreamProv9
PetarI PrzemekM MaxK PrzemekC LarryZ SusanA 
PatentsProv4
SundarX PetarI JenY LarryS SusanY NellyI BakhodirL MichalW 
GmailProv3
BakhodirT TatiyanaT PrabhakarA PhilippY MichalZ SusanR PrzemekC ThomasO RuthO FionaQ BenjaminG 
ChatUltrav5
SundarX SusanT FionaZ RuthA SusanP 
GameSv6
RuthQ PrzemekN BenjaminB HiroshiQ MatasM MatasK FionaT NellyQ 
DocsLitev6
MichalR HiroshiL RuthF SergeyY RuthT LarryU BakhodirL TatiyanaC SundarL 
VoiceLitev2
TatiyanaT SusanK MaxK 
DaydreamXv9
MatasP JenL LarryT BakhodirB NellyC SusanY JenS SergeyW MatasT NellyY 
DatabaseProv4
TatiyanaK JenL PrabhakarA LarryU MichalZ RuthX ClementW StepanX 
AssistantSv5
SusanK SusanT PrabhakarE PrzemekR JenU StefanQ SundarI HiroshiW ClementO 
KeepSv1
StepanP PrabhakarL MatasF StepanJ BenjaminY SundarV SusanP 
PixelNextv9
RuthF SusanH BakhodirA MaxE PrabhakarM 
FeedBurnerUltrav4
BakhodirP ClementJ LarryR 
DatasetSearchLitev6
BenjaminJ TatiyanaC MaxA PhilippK SundarI ClementJ PrzemekP PetarN HiroshiM 
LearnProv1
BenjaminP PetarM HiroshiI SundarA FionaV 
SkyLitev8
FionaD TatiyanaT LarryJ PrzemekU StefanH FionaK SusanT HiroshiD MaxH BenjaminB MichalZ BenjaminD PhilippT PrzemekC MatasR JenU RuthO FionaA HiroshiT ThomasZ 
DrawingsMaxv4
JenE RuthQ PrabhakarA MaxH LarryD StefanA BakhodirD LarryU SusanU HiroshiU PhilippY ThomasK NellyU MaxA HiroshiJ FionaQ PetarK PrzemekP PrzemekY 
SheetsProv1
SusanK SergeyG StefanK FionaA 
ExploreSv3
MaxZ JenL BenjaminP PrabhakarE PetarV 
DocsMaxv3
LarryG BakhodirD BenjaminV HiroshiR LarryW MichalY PrabhakarB BenjaminG 
MapsLitev3
PrzemekV MichalJ NellyV BenjaminF PhilippY ThomasO PhilippI JenI PetarA ClementO 
WebserverSv8
TatiyanaT StepanN PetarH 
AndroidTVLitev7
JenE TatiyanaZ PrzemekM BakhodirM StefanA MatasH NellyM StepanJ LarryO 
ShoppingMaxv1
LarryJ JenR 
DriveMaxv1
SundarJ 
SitesProv8
PrzemekM MaxS SusanC StepanK 
CollectionsXv5
TatiyanaT HiroshiL SusanU ThomasD MaxB FionaV ClementX 
TravelSv1
LarryG 
TranslateUltrav1
PrabhakarA SusanT HiroshiD PrzemekC NellyU HiroshiR MatasK MaxE MatasS BenjaminL 
DuoMaxv1
TatiyanaT MaxF MatasY LarryD ClementV SergeyR NellyD BenjaminG BenjaminL 
CultureXv9
LarryG RuthF StefanA RuthX HiroshiG 
SlidesNextv6
RuthF TatiyanaO MaxE SusanC 
LoggingUltrav8
LarryT TatiyanaC ClementW PrzemekF 
VideoProv6
StepanZ RuthF PrzemekN FionaK BenjaminB NellyV BakhodirF RuthX BenjaminR SundarA StefanP StefanK StepanU 
StreetViewUltrav9
LarryG NellyV SusanY SusanH BakhodirO MatasT JenI MaxE StepanU 
DrawingsSv8
PetarG ClementI StefanA HiroshiQ TatiyanaC ClementW SundarV BenjaminG 
ChartsMaxv5
SusanK HiroshiR FionaT StefanY MichalY 
ChromecastZv6
MichalR BenjaminV MichalY 
DatasetSearchZv3
StefanG StefanH MatasH LarryS BakhodirF PrzemekW RuthA LarryI PhilippC SundarV PrabhakarM 
WearOSZv5
MaxZ LarryJ TatiyanaB ThomasI HiroshiD BakhodirB LarryS BakhodirF SundarH NellyI LarryI TatiyanaM HiroshiJ PetarK BenjaminG SusanA BakhodirQ 
SnapshotZv7
StefanH LarryS SundarH SusanY JenQ StefanT LarryZ NellyQ PrabhakarM 
StadiaProv6
PrzemekU StepanZ ThomasI HiroshiD LarryU HiroshiJ StepanU NellyQ 
SlidesXv2
NellyC BenjaminN 
KeepLitev3
RuthQ PhilippO MichalV FionaZ PhilippJ ClementJ ClementO 
PatentsProv3
BenjaminJ NellyG MatasK FionaT 
PatentsProv1
RuthQ StepanZ PrabhakarL MichalM PetarK HiroshiT ClementO 
TranslateNextv5
StepanW StefanZ BenjaminL 
StreetViewXv9
MaxH NellyI ThomasN StefanX ThomasU 
ChromeOSSv8
JenR MichalV SusanY MatasO LarryI TatiyanaG PrabhakarM 
VoiceProv9
ThomasL PrzemekC BakhodirL PetarH 
FormsZv3
MichalR SundarD MaxA HiroshiM 
WearOSSv4
FionaD StefanH PrabhakarA HiroshiL JenR NellyV PrzemekM PetarM SusanO PetarR LarryO MatasK MaxW RuthO RuthP MaxE MatasS ClementJ 
DataXv5
BakhodirT SusanO StepanC 
YouTubeNextv4
PrzemekU RuthP LarryW PetarN 
NewsXv7
TatiyanaK TatiyanaO JenF SundarV SusanA 
DriveUltrav3
StepanZ StefanH MaxW 
ScholarMaxv3
StepanW NellyV RuthX RuthO FionaA RuthM 
YouTubeNextv7
ThomasI ClementV SergeyQ NellyU MichalQ StepanD SundarI 
ConnectUltrav7
JenL FionaK MichalV HiroshiB PetarH RuthO 
StreamSv6
TatiyanaK StefanH 
CultureZv3
PhilippL StepanW TatiyanaK NellyD 
StorageXv3
SundarB NellyD FionaA HiroshiT HiroshiW 
YouTubeMaxv6
JenL TatiyanaA MichalZ PrzemekC ThomasC SundarD MatasK TatiyanaO RuthM BakhodirQ 
ImagesLitev4
BenjaminF RuthA 
FinanceMaxv7
ThomasT HiroshiL SusanT StepanU LarryN 
CalendarLitev5
ThomasN BakhodirA TatiyanaO PrabhakarB 
ChromeOSLitev5
BenjaminJ RuthJ TatiyanaO 
CastOSXv2
PetarF PetarH ThomasM PetarV HiroshiT 
DaydreamXv7
SusanR LarryC TatiyanaI SusanG 
AlertsNextv9
PrabhakarL NellyD HiroshiT 
DaydreamZv9
StepanW RuthF SusanO RuthP 
BooksProv9
TatiyanaB JenS PhilippV 
PatentsMaxv2
MatasP PhilippO BakhodirG MichalV NellyU RuthJ TatiyanaO MatasR ThomasE LarryC 
SantaTrackerMaxv6
SergeyG PhilippY ClementJ 
DuoProv5
BenjaminF MaxE PrzemekP 
FuchsiaXv6
LarryG StepanN StepanU 
BloggerXv8
MichalV SusanR SusanD ThomasU 
SearchLitev7
MichalR PhilippL HiroshiN PetarH StepanK 
FormsSv5
MaxF PhilippO BenjaminN 
ConnectSv3
PrabhakarA NellyC PetarO StefanQ StefanP 
ChromeMaxv8
TatiyanaK StefanG MatasO HiroshiI RuthJ 
OsUltrav8
PrzemekU PhilippO ClementQ LarryN 
DrawingsZv1
StefanA StepanJ MaxW RuthP PrzemekF 
KeepSv9
StefanU 
MoonLitev2
BenjaminV 
StreetViewSv4
RuthQ MaxH MichalZ 
SkyZv9
FionaD SusanU SergeyQ SundarS ClementW PetarH NellyQ NellyY SusanC 
DataSv9
SundarX PrabhakarA TatiyanaX RuthF FionaK BakhodirD TatiyanaG BenjaminN PhilippJ MaxA 
ShoppingUltrav9
JenQ RuthO FionaV 
ReleaseLitev7
MaxO RuthT SergeyW FionaV 
DocsUltrav2
JenL BakhodirB PrzemekM NellyM NellyW FionaA ClementA PrabhakarM 
PixelSv6
ThomasN SundarM 
AndroidMaxv3
BakhodirP TatiyanaA RuthA ThomasM 
SantaTrackerProv6
ThomasL ClementN 
AndroidXv8
SusanR SusanD PrabhakarB 
SitesLitev3
BakhodirT RuthQ RuthT SundarB SundarD StefanT 
YouTubeXv5
HiroshiL 
SearchUltrav8
HiroshiL SergeyG PhilippI 
DrawingsLitev8
SusanT BakhodirG StefanA JenI MichalY TatiyanaI 
TranslateZv6
MichalV BenjaminF FionaH NellyD 
SmartMaxv7
PhilippO MatasF StepanJ MatasR 
LoggingUltrav7
MaxZ NellyM StepanJ MatasS 
GroupsUltrav2
NellyW 
ArtsZv4
PetarI NellyQ 
CastOSSv6
SusanH HiroshiI HiroshiT 
AlertsMaxv6
FionaD SundarW 
SkyLitev3
StefanG PrabhakarA LarryU RuthO NellyD 
CalendarUltrav7
MatasP TatiyanaB LarryD PrzemekW 
StreamLitev8
BakhodirG PetarQ SundarH SusanR StepanG StefanK LarryN 
WebserverLitev8
PrabhakarA RuthA ThomasM 
FeedBurnerProv5
PrzemekV MatasR 
TravelZv6
ThomasL NellyC LarryI PrzemekF PetarA 
CultureXv2
NellyU StepanJ RuthP 
FeedBurnerProv6
SergeyY SusanR BakhodirA 
GlassOSProv6
PrzemekU HiroshiQ PrabhakarB 
FuchsiaProv7
ClementI BenjaminJ BakhodirQ 
SecureSv5
MatasY SergeyQ 
PhotoLitev2
ThomasQ RuthP 
DaydreamSv8
TatiyanaT StepanP PhilippO PhilippV 
DuoXv6
TatiyanaT BenjaminB RuthP MichalY 
ShortsXv7
SergeyA PhilippO JenS HiroshiQ ThomasC LarryR 
GameUltrav8
StefanG BenjaminF PhilippI 
ReleaseXv3
NellyC 
AndroidTVZv4
MatasO JenS HiroshiQ 
DriveNextv4
StefanH SusanT 
BloggerProv2
ThomasD 
VoiceMaxv2
HiroshiL PetarV 
YouTubeUltrav7
SusanR 
DrawingsUltrav4
StefanG ClementW LarryN 
GroupsZv8
PetarI MichalV BakhodirL TatiyanaC ThomasE 
DatabaseSv9
PrabhakarL MichalM BenjaminG 
DreamNextv6
MatasY StefanA PrzemekC StepanU 
AndroidAutoXv8
HiroshiL LarryD BakhodirO 
DataLitev2
MaxA 
SantaTrackerSv7
SundarX StepanP 
OsZv3
HiroshiD LarryS SusanR 
DaydreamSv1
TatiyanaK PetarN 
StorageSv5
TatiyanaX MaxO LarryD LarryU PrabhakarE ThomasN PhilippJ 
BuildUltrav6
BakhodirG MaxE SundarV 
ConnectProv2
SusanT 
MoonZv4
RuthT 
OsLitev3
JenL ClementQ PhilippY ThomasN RuthP 
PatentsNextv4
TatiyanaG 
CodeZv4
SusanR BenjaminR 
PhotoProv1
JenL 
ArtsSv1
FionaK 
PhoneNextv4
FionaK BenjaminL 
PhotoSv7
TatiyanaO MaxE StepanK 
ClassroomXv9
LarryG StepanK 
MoonXv3
SergeyY PetarM 
DriveLitev7
LarryT BakhodirO ClementW 
ScholarZv1
LarryU SusanR MichalQ PrzemekP 
BloggerNextv5
RuthQ PrabhakarL 
DreamNextv1
PrabhakarL PetarK 
CollectionsUltrav9
SundarA StefanK 
SecureSv2
NellyV ThomasK 
FeedBurnerLitev8
SundarX PrabhakarE BenjaminL 
ShoppingXv1
StepanM HiroshiI MichalP 
TravelUltrav3
JenE PetarR 
DatasetSearchXv2
MaxZ SundarX PrzemekM StefanA SusanD 
StadiaProv5
HiroshiD MaxA 
DreamNextv8
PhilippL 
SlidesSv9
LarryO LarryZ 
SkyProv4
ThomasQ MichalZ 
MapsNextv5
FionaZ PrzemekR 
LoggingXv4
BakhodirF MaxK SergeyJ 
AssistantMaxv9
ThomasQ 
WebserverXv9
MichalV 
WebserverProv7
MatasF 
BooksLitev3
TatiyanaK 
ExploreXv9
MaxE ClementA 
ChromeLitev4
PrabhakarA LarryU MichalY 
TravelProv9
RuthX TatiyanaO 
FinanceXv5
ClementV 
DaydreamMaxv4
ThomasQ 
VideoLitev6
PetarQ 
LearnUltrav9
TatiyanaB 
CollectionsProv5
SundarD MaxE HiroshiT 
NewsXv5
PrzemekH SundarV 
CurrentsProv2
StepanJ 
StreetViewMaxv8
PetarA 
StreetViewXv2
PetarM StepanJ PrzemekF 
ConnectXv3
StefanG 
BuildProv1
TatiyanaT 
KeepXv1
PrabhakarA 
LearnProv8
JenI 
NewsMaxv1
TatiyanaT 
CurrentsProv7
SusanT 
AndroidAutoZv1
HiroshiL PetarV 
MoonUltrav4
LarryN 
SkyZv5
SundarM 
FeedBurnerNextv9
BenjaminD 
TravelProv6
PhilippJ 
CurrentsXv1
BakhodirF 
SantaTrackerProv9
PrzemekV 
BloggerProv9
ThomasE 
SheetsZv4
RuthF SergeyR 
VoiceZv6
HiroshiL HiroshiQ 
PixelProv1
MatasF 
KeepNextv4
PrabhakarN 
ClassroomSv2
RuthX 
